[2024-05-10 14:28:11] WARN: Slow API response detected
[2024-05-10 15:15:38] INFO: Background job completed
[2024-05-10 15:16:27] WARN: Session nearing expiration
[2024-05-10 15:55:47] WARN: Disk usage exceeded 80%
[2024-05-10 16:05:24] WARN: Session nearing expiration
[2024-05-10 16:19:04] INFO: User logged in
[2024-05-10 17:14:44] WARN: High memory usage detected
[2024-05-10 18:34:28] WARN: High memory usage detected
[2024-05-10 18:44:32] INFO: Background job completed
[2024-05-10 19:17:37] WARN: Disk usage exceeded 80%
[2024-05-10 19:28:21] ERROR: Payment processing failed
[2024-05-10 19:28:29] ERROR: Payment processing failed
[2024-05-10 19:33:29] ERROR: Unhandled exception occurred
[2024-05-10 19:42:20] ERROR: Timeout while contacting external service
[2024-05-10 20:24:33] INFO: Payment processed
[2024-05-10 20:45:22] WARN: Slow API response detected
[2024-05-10 20:50:15] ERROR: Payment processing failed
[2024-05-10 21:06:20] INFO: User logged in
[2024-05-10 21:14:29] INFO: Database connection established
[2024-05-10 21:33:45] ERROR: Database connection failed
[2024-05-10 21:36:29] ERROR: Unhandled exception occurred
[2024-05-10 21:43:11] ERROR: Database connection failed
[2024-05-10 21:55:57] INFO: User logged in
[2024-05-10 22:16:06] WARN: Disk usage exceeded 80%
[2024-05-10 22:21:57] WARN: Disk usage exceeded 80%
[2024-05-10 22:36:25] WARN: High memory usage detected
[2024-05-10 23:09:16] ERROR: Payment processing failed
[2024-05-10 23:15:23] ERROR: Unhandled exception occurred
[2024-05-10 23:48:43] INFO: Database connection established
[2024-05-11 00:03:42] INFO: Background job completed
[2024-05-11 00:06:32] ERROR: Payment processing failed
[2024-05-11 00:08:59] WARN: Session nearing expiration
[2024-05-11 00:20:32] INFO: User logged in
[2024-05-11 00:44:51] INFO: Payment processed
[2024-05-11 00:48:27] ERROR: Database connection failed
[2024-05-11 00:55:58] WARN: Slow API response detected
[2024-05-11 01:07:53] ERROR: Database connection failed
[2024-05-11 01:26:09] WARN: Session nearing expiration
[2024-05-11 01:26:23] WARN: Session nearing expiration
[2024-05-11 01:28:24] ERROR: Database connection failed
[2024-05-11 01:34:17] INFO: Payment processed
[2024-05-11 01:39:58] ERROR: Unhandled exception occurred
[2024-05-11 01:43:13] WARN: High memory usage detected
[2024-05-11 01:48:27] INFO: Payment processed
[2024-05-11 02:19:00] WARN: Session nearing expiration
[2024-05-11 02:44:39] INFO: File uploaded
[2024-05-11 02:46:51] ERROR: Timeout while contacting external service
[2024-05-11 03:12:47] INFO: File uploaded
[2024-05-11 03:39:49] ERROR: Timeout while contacting external service
[2024-05-11 03:40:34] WARN: Disk usage exceeded 80%
[2024-05-11 03:45:37] INFO: Background job completed
[2024-05-11 03:47:01] WARN: Disk usage exceeded 80%
[2024-05-11 03:49:49] WARN: Slow API response detected
[2024-05-11 03:58:21] WARN: Disk usage exceeded 80%
[2024-05-11 04:22:16] INFO: Background job completed
[2024-05-11 04:49:41] ERROR: Timeout while contacting external service
[2024-05-11 04:50:22] ERROR: Database connection failed
[2024-05-11 04:52:48] WARN: Disk usage exceeded 80%
[2024-05-11 05:04:46] INFO: Database connection established
[2024-05-11 05:42:15] WARN: Session nearing expiration
[2024-05-11 05:54:01] WARN: High memory usage detected
[2024-05-11 06:00:05] WARN: Session nearing expiration
[2024-05-11 06:31:38] WARN: Slow API response detected
[2024-05-11 06:48:37] ERROR: Payment processing failed
[2024-05-11 06:52:21] INFO: Database connection established
[2024-05-11 06:59:21] ERROR: Payment processing failed
[2024-05-11 07:40:00] INFO: File uploaded
[2024-05-11 07:44:32] ERROR: Payment processing failed
[2024-05-11 07:57:00] INFO: Payment processed
[2024-05-11 07:57:01] WARN: High memory usage detected
[2024-05-11 08:15:35] ERROR: Payment processing failed
[2024-05-11 08:44:49] INFO: User logged in
[2024-05-11 08:54:05] ERROR: Timeout while contacting external service
[2024-05-11 09:04:17] INFO: User logged in
[2024-05-11 09:26:17] ERROR: Unhandled exception occurred
[2024-05-11 09:32:05] ERROR: Payment processing failed
[2024-05-11 10:23:17] INFO: User logged in
[2024-05-11 10:25:22] WARN: Slow API response detected
[2024-05-11 10:26:38] INFO: Background job completed
[2024-05-11 10:26:42] ERROR: Unhandled exception occurred
[2024-05-11 10:40:35] INFO: Payment processed
[2024-05-11 10:48:46] ERROR: Timeout while contacting external service
[2024-05-11 11:00:02] ERROR: Payment processing failed
[2024-05-11 11:09:16] WARN: Session nearing expiration
[2024-05-11 11:09:58] INFO: Database connection established
[2024-05-11 11:48:18] ERROR: Database connection failed
[2024-05-11 11:54:55] WARN: Disk usage exceeded 80%
[2024-05-11 11:56:49] ERROR: Payment processing failed
[2024-05-11 11:58:42] ERROR: Database connection failed
[2024-05-11 12:01:17] INFO: File uploaded
[2024-05-11 12:04:02] WARN: Slow API response detected
[2024-05-11 12:20:57] WARN: Disk usage exceeded 80%
[2024-05-11 12:24:22] WARN: Disk usage exceeded 80%
[2024-05-11 12:29:01] WARN: Slow API response detected
[2024-05-11 12:30:07] INFO: Payment processed
[2024-05-11 12:52:56] ERROR: Database connection failed
[2024-05-11 12:53:14] ERROR: Timeout while contacting external service
[2024-05-11 12:56:57] WARN: Session nearing expiration
[2024-05-11 13:09:48] ERROR: Database connection failed
[2024-05-11 13:55:43] ERROR: Timeout while contacting external service